CCS PCM C Compiler, Version 5.079, 56587               24-sep.-18 12:42

               Filename:   C:\Users\metamorfosis\Documents\programacion avanzada\micros\simulaciones\pantalla 7 segmentos\main.lst

               ROM used:   57 words (6%)
                           Largest free fragment is 967
               RAM used:   5 (7%) at main() level
                           6 (9%) worst case
               Stack used: 0 locations
               Stack size: 8

*
0000:  MOVLW  00
0001:  MOVWF  0A
0002:  GOTO   018
0003:  NOP
.................... #include <16f84a.h> 
.................... //////////// Standard Header file for the PIC16F84A device //////////////// 
.................... /////////////////////////////////////////////////////////////////////////// 
.................... ////        (C) Copyright 1996, 2014 Custom Computer Services          //// 
.................... //// This source code may only be used by licensed users of the CCS C  //// 
.................... //// compiler.  This source code may only be distributed to other      //// 
.................... //// licensed users of the CCS C compiler.  No other use, reproduction //// 
.................... //// or distribution is permitted without written permission.          //// 
.................... //// Derivative programs created using this software in object code    //// 
.................... //// form are not restricted in any way.                               //// 
.................... /////////////////////////////////////////////////////////////////////////// 
.................... #device PIC16F84A 
....................  
.................... #list 
....................  
.................... #fuses xt 
.................... #use delay (clock=4M) 
0004:  MOVLW  12
0005:  MOVWF  04
0006:  MOVF   00,W
0007:  BTFSC  03.2
0008:  GOTO   017
0009:  MOVLW  01
000A:  MOVWF  0D
000B:  CLRF   0C
000C:  DECFSZ 0C,F
000D:  GOTO   00C
000E:  DECFSZ 0D,F
000F:  GOTO   00B
0010:  MOVLW  4A
0011:  MOVWF  0C
0012:  DECFSZ 0C,F
0013:  GOTO   012
0014:  GOTO   015
0015:  DECFSZ 00,F
0016:  GOTO   009
0017:  GOTO   02F (RETURN)
.................... #BYTE TRISA=0x85 
.................... #define retardo delay_ms(250) 
....................  
.................... void main() 
0018:  MOVF   03,W
0019:  ANDLW  1F
001A:  MOVWF  03
.................... { 
....................  
....................    TRISA=0x00000; 
001B:  BSF    03.5
001C:  CLRF   05
....................    output_a(0); 
001D:  CLRF   05
001E:  BCF    03.5
001F:  CLRF   05
....................    int i; 
....................    for(;;) 
....................    { 
....................    inicio:for(i=0;i<10;i++) 
0020:  BCF    03.5
0021:  BCF    03.6
0022:  CLRF   11
0023:  MOVF   11,W
0024:  SUBLW  09
0025:  BTFSS  03.0
0026:  GOTO   037
....................    { 
....................    output_a(i); 
0027:  BSF    03.5
0028:  CLRF   05
0029:  BCF    03.5
002A:  MOVF   11,W
002B:  MOVWF  05
....................    retardo; 
002C:  MOVLW  FA
002D:  MOVWF  12
002E:  GOTO   004
....................    if(i==9) 
002F:  MOVF   11,W
0030:  SUBLW  09
0031:  BTFSS  03.2
0032:  GOTO   035
....................    { 
....................    i=0; 
0033:  CLRF   11
....................    goto inicio; 
0034:  GOTO   020
....................    } 
0035:  INCF   11,F
0036:  GOTO   023
....................    } 
0037:  GOTO   020
....................    } 
....................  
.................... } 
0038:  SLEEP

Configuration Fuses:
   Word  1: 3FF1   XT NOWDT PUT NOPROTECT
